A ler ficheiro prj.py
Desejas correr os testes de verificação de abstração? [y/N]
